121.232.39.81 - - [17/Feb/2008:18:59:58 +0800] "GET /left.htm HTTP/1.1" 200 9701 "http://wjtt2.eicp.net/" "Mozilla/4.0 (compatible; MSIE 6.0; Windows NT 5.1; SV1; .NET CLR 1.1.4322)"
121.232.39.81 - - [17/Feb/2008:18:59:58 +0800] "GET /_content/main1_1.htm HTTP/1.1" 200 1880 "http://wjtt2.eicp.net/" "Mozilla/4.0 (compatible; MSIE 6.0; Windows NT 5.1; SV1; .NET CLR 1.1.4322)"
121.232.39.81 - - [17/Feb/2008:18:59:58 +0800] "GET /images/img08.jpg HTTP/1.1" 200 1226 "http://wjtt2.eicp.net/left.htm" "Mozilla/4.0 (compatible; MSIE 6.0; Windows NT 5.1; SV1; .NET CLR 1.1.4322)"
121.232.39.81 - - [17/Feb/2008:18:59:58 +0800] "GET /images/img01.gif HTTP/1.1" 200 9328 "http://wjtt2.eicp.net/left.htm" "Mozilla/4.0 (compatible; MSIE 6.0; Windows NT 5.1; SV1; .NET CLR 1.1.4322)"
121.232.39.81 - - [17/Feb/2008:18:59:58 +0800] "GET /images/img04.jpg HTTP/1.1" 200 12027 "http://wjtt2.eicp.net/left.htm" "Mozilla/4.0 (compatible; MSIE 6.0; Windows NT 5.1; SV1; .NET CLR 1.1.4322)"
121.232.39.81 - - [17/Feb/2008:18:59:58 +0800] "GET /images/img05.jpg HTTP/1.1" 200 6722 "http://wjtt2.eicp.net/left.htm" "Mozilla/4.0 (compatible; MSIE 6.0; Windows NT 5.1; SV1; .NET CLR 1.1.4322)"
121.232.39.81 - - [17/Feb/2008:18:59:59 +0800] "GET /_content/css/style.css HTTP/1.1" 200 637 "http://wjtt2.eicp.net/_content/main1_1.htm" "Mozilla/4.0 (compatible; MSIE 6.0; Windows NT 5.1; SV1; .NET CLR 1.1.4322)"
121.232.39.81 - - [17/Feb/2008:18:59:59 +0800] "GET /images/img09.jpg HTTP/1.1" 200 2465 "http://wjtt2.eicp.net/left.htm" "Mozilla/4.0 (compatible; MSIE 6.0; Windows NT 5.1; SV1; .NET CLR 1.1.4322)"
121.232.39.81 - - [17/Feb/2008:18:59:58 +0800] "GET /images/img02.gif HTTP/1.1" 200 21218 "http://wjtt2.eicp.net/left.htm" "Mozilla/4.0 (compatible; MSIE 6.0; Windows NT 5.1; SV1; .NET CLR 1.1.4322)"
121.232.39.81 - - [17/Feb/2008:19:00:00 +0800] "GET /_content/images/bg.jpg HTTP/1.1" 200 158541 "http://wjtt2.eicp.net/_content/main1_1.htm" "Mozilla/4.0 (compatible; MSIE 6.0; Windows NT 5.1; SV1; .NET CLR 1.1.4322)"
116.30.140.40 - - [17/Feb/2008:19:01:07 +0800] "GET /_content/main1_1.htm HTTP/1.1" 304 - "http://wjtt2.eicp.net/" "Mozilla/4.0 (compatible; MSIE 7.0; Windows NT 5.1; .NET CLR 2.0.50727)"
116.30.140.40 - - [17/Feb/2008:19:01:07 +0800] "GET /_content/css/style.css HTTP/1.1" 304 - "http://wjtt2.eicp.net/_content/main1_1.htm" "Mozilla/4.0 (compatible; MSIE 7.0; Windows NT 5.1; .NET CLR 2.0.50727)"
116.30.140.40 - - [17/Feb/2008:19:01:07 +0800] "GET /_content/images/bg.jpg HTTP/1.1" 304 - "http://wjtt2.eicp.net/_content/main1_1.htm" "Mozilla/4.0 (compatible; MSIE 7.0; Windows NT 5.1; .NET CLR 2.0.50727)"
219.236.48.128 - - [17/Feb/2008:19:01:07 +0800] "GET / HTTP/1.1" 200 759 "-" "Mozilla/4.0 (compatible; MSIE 6.0; Windows NT 5.1; SV1; .NET CLR 2.0.50727; MAXTHON 2.0)"
219.236.48.128 - - [17/Feb/2008:19:01:08 +0800] "GET /css/style.css HTTP/1.1" 200 637 "http://wjtt2.eicp.net/" "Mozilla/4.0 (compatible; MSIE 6.0; Windows NT 5.1; SV1; .NET CLR 2.0.50727; MAXTHON 2.0)"
219.236.48.128 - - [17/Feb/2008:19:01:09 +0800] "GET /left.htm HTTP/1.1" 200 9701 "http://wjtt2.eicp.net/" "Mozilla/4.0 (compatible; MSIE 6.0; Windows NT 5.1; SV1; .NET CLR 2.0.50727; MAXTHON 2.0)"
116.30.140.40 - - [17/Feb/2008:19:01:10 +0800] "GET /_content/main3_2.htm HTTP/1.1" 200 1210 "http://wjtt2.eicp.net/left.htm" "Mozilla/4.0 (compatible; MSIE 7.0; Windows NT 5.1; .NET CLR 2.0.50727)"
116.30.140.40 - - [17/Feb/2008:19:01:10 +0800] "GET /_content/images/a_bs02.jpg HTTP/1.1" 200 56829 "http://wjtt2.eicp.net/_content/main3_2.htm" "Mozilla/4.0 (compatible; MSIE 7.0; Windows NT 5.1; .NET CLR 2.0.50727)"
219.236.48.128 - - [17/Feb/2008:19:01:10 +0800] "GET /_content/main1_1.htm HTTP/1.1" 200 1880 "http://wjtt2.eicp.net/" "Mozilla/4.0 (compatible; MSIE 6.0; Windows NT 5.1; SV1; .NET CLR 2.0.50727; MAXTHON 2.0)"
219.236.48.128 - - [17/Feb/2008:19:01:10 +0800] "GET /images/img02.gif HTTP/1.1" 200 21218 "http://wjtt2.eicp.net/left.htm" "Mozilla/4.0 (compatible; MSIE 6.0; Windows NT 5.1; SV1; .NET CLR 2.0.50727; MAXTHON 2.0)"
116.30.140.40 - - [17/Feb/2008:19:01:12 +0800] "GET /_content/main9_1.htm HTTP/1.1" 200 7024 "http://wjtt2.eicp.net/left.htm" "Mozilla/4.0 (compatible; MSIE 7.0; Windows NT 5.1; .NET CLR 2.0.50727)"
116.30.140.40 - - [17/Feb/2008:19:01:10 +0800] "GET /_content/main3_4.htm HTTP/1.1" 200 2552 "http://wjtt2.eicp.net/left.htm" "Mozilla/4.0 (compatible; MSIE 7.0; Windows NT 5.1; .NET CLR 2.0.50727)"
219.236.48.128 - - [17/Feb/2008:19:01:10 +0800] "GET /images/img01.gif HTTP/1.1" 200 9328 "http://wjtt2.eicp.net/left.htm" "Mozilla/4.0 (compatible; MSIE 6.0; Windows NT 5.1; SV1; .NET CLR 2.0.50727; MAXTHON 2.0)"
116.30.140.40 - - [17/Feb/2008:19:01:12 +0800] "GET /_content/images/main9_1_clip_image001.jpg HTTP/1.1" 200 75728 "http://wjtt2.eicp.net/_content/main9_1.htm" "Mozilla/4.0 (compatible; MSIE 7.0; Windows NT 5.1; .NET CLR 2.0.50727)"
116.30.140.40 - - [17/Feb/2008:19:01:12 +0800] "GET /_content/main9_3.htm HTTP/1.1" 200 4518 "http://wjtt2.eicp.net/left.htm" "Mozilla/4.0 (compatible; MSIE 7.0; Windows NT 5.1; .NET CLR 2.0.50727)"
219.236.48.128 - - [17/Feb/2008:19:01:12 +0800] "GET /images/img04.jpg HTTP/1.1" 200 12027 "http://wjtt2.eicp.net/left.htm" "Mozilla/4.0 (compatible; MSIE 6.0; Windows NT 5.1; SV1; .NET CLR 2.0.50727; MAXTHON 2.0)"
219.236.48.128 - - [17/Feb/2008:19:01:13 +0800] "GET /images/img05.jpg HTTP/1.1" 200 6722 "http://wjtt2.eicp.net/left.htm" "Mozilla/4.0 (compatible; MSIE 6.0; Windows NT 5.1; SV1; .NET CLR 2.0.50727; MAXTHON 2.0)"
219.236.48.128 - - [17/Feb/2008:19:01:13 +0800] "GET /images/img08.jpg HTTP/1.1" 200 1226 "http://wjtt2.eicp.net/left.htm" "Mozilla/4.0 (compatible; MSIE 6.0; Windows NT 5.1; SV1; .NET CLR 2.0.50727; MAXTHON 2.0)"
219.236.48.128 - - [17/Feb/2008:19:01:13 +0800] "GET /images/img09.jpg HTTP/1.1" 200 2465 "http://wjtt2.eicp.net/left.htm" "Mozilla/4.0 (compatible; MSIE 6.0; Windows NT 5.1; SV1; .NET CLR 2.0.50727; MAXTHON 2.0)"
219.236.48.128 - - [17/Feb/2008:19:01:14 +0800] "GET /_content/css/style.css HTTP/1.1" 200 637 "http://wjtt2.eicp.net/_content/main1_1.htm" "Mozilla/4.0 (compatible; MSIE 6.0; Windows NT 5.1; SV1; .NET CLR 2.0.50727; MAXTHON 2.0)"
219.236.48.128 - - [17/Feb/2008:19:01:14 +0800] "GET /_content/images/bg.jpg HTTP/1.1" 200 158541 "http://wjtt2.eicp.net/_content/main1_1.htm" "Mozilla/4.0 (compatible; MSIE 6.0; Windows NT 5.1; SV1; .NET CLR 2.0.50727; MAXTHON 2.0)"
219.236.48.128 - - [17/Feb/2008:19:01:25 +0800] "GET /favicon.ico HTTP/1.1" 404 298 "-" "Mozilla/4.0 (compatible; MSIE 6.0; Windows NT 5.1; SV1; .NET CLR 2.0.50727; MAXTHON 2.0)"
121.232.39.81 - - [17/Feb/2008:19:01:35 +0800] "GET /_content/main1_3.htm HTTP/1.1" 200 2005 "http://wjtt2.eicp.net/left.htm" "Mozilla/4.0 (compatible; MSIE 6.0; Windows NT 5.1; SV1; .NET CLR 1.1.4322)"
121.232.39.81 - - [17/Feb/2008:19:01:35 +0800] "GET /_content/images/a_weapon.gif HTTP/1.1" 200 30085 "http://wjtt2.eicp.net/_content/main1_3.htm" "Mozilla/4.0 (compatible; MSIE 6.0; Windows NT 5.1; SV1; .NET CLR 1.1.4322)"
219.236.48.128 - - [17/Feb/2008:19:01:38 +0800] "GET /_content/main3_1.htm HTTP/1.1" 200 1148 "http://wjtt2.eicp.net/left.htm" "Mozilla/4.0 (compatible; MSIE 6.0; Windows NT 5.1; SV1; .NET CLR 2.0.50727; MAXTHON 2.0)"
219.236.48.128 - - [17/Feb/2008:19:01:39 +0800] "GET /_content/images/a_bs01.jpg HTTP/1.1" 200 64891 "http://wjtt2.eicp.net/_content/main3_1.htm" "Mozilla/4.0 (compatible; MSIE 6.0; Windows NT 5.1; SV1; .NET CLR 2.0.50727; MAXTHON 2.0)"
219.236.48.128 - - [17/Feb/2008:19:01:55 +0800] "GET /_content/main3_2.htm HTTP/1.1" 200 1210 "http://wjtt2.eicp.net/left.htm" "Mozilla/4.0 (compatible; MSIE 6.0; Windows NT 5.1; SV1; .NET CLR 2.0.50727; MAXTHON 2.0)"
219.236.48.128 - - [17/Feb/2008:19:01:56 +0800] "GET /_content/images/a_bs02.jpg HTTP/1.1" 200 56829 "http://wjtt2.eicp.net/_content/main3_2.htm" "Mozilla/4.0 (compatible; MSIE 6.0; Windows NT 5.1; SV1; .NET CLR 2.0.50727; MAXTHON 2.0)"
219.236.48.128 - - [17/Feb/2008:19:02:12 +0800] "GET /_content/main3_3.htm HTTP/1.1" 200 1418 "http://wjtt2.eicp.net/left.htm" "Mozilla/4.0 (compatible; MSIE 6.0; Windows NT 5.1; SV1; .NET CLR 2.0.50727; MAXTHON 2.0)"
219.236.48.128 - - [17/Feb/2008:19:02:13 +0800] "GET /_content/images/a_bs03.jpg HTTP/1.1" 404 313 "http://wjtt2.eicp.net/_content/main3_3.htm" "Mozilla/4.0 (compatible; MSIE 6.0; Windows NT 5.1; SV1; .NET CLR 2.0.50727; MAXTHON 2.0)"
219.236.48.128 - - [17/Feb/2008:19:02:21 +0800] "GET /_content/main3_4.htm HTTP/1.1" 200 2552 "http://wjtt2.eicp.net/left.htm" "Mozilla/4.0 (compatible; MSIE 6.0; Windows NT 5.1; SV1; .NET CLR 2.0.50727; MAXTHON 2.0)"
219.236.48.128 - - [17/Feb/2008:19:02:21 +0800] "GET /_content/images/a_bs04.jpg HTTP/1.1" 404 313 "http://wjtt2.eicp.net/_content/main3_4.htm" "Mozilla/4.0 (compatible; MSIE 6.0; Windows NT 5.1; SV1; .NET CLR 2.0.50727; MAXTHON 2.0)"
219.236.48.128 - - [17/Feb/2008:19:02:57 +0800] "GET /_content/main9_1.htm HTTP/1.1" 200 7024 "http://wjtt2.eicp.net/left.htm" "Mozilla/4.0 (compatible; MSIE 6.0; Windows NT 5.1; SV1; .NET CLR 2.0.50727; MAXTHON 2.0)"
219.236.48.128 - - [17/Feb/2008:19:02:58 +0800] "GET /_content/main9_2.htm HTTP/1.1" 200 2163 "http://wjtt2.eicp.net/left.htm" "Mozilla/4.0 (compatible; MSIE 6.0; Windows NT 5.1; SV1; .NET CLR 2.0.50727; MAXTHON 2.0)"
219.236.48.128 - - [17/Feb/2008:19:03:05 +0800] "GET /_content/main1_2.htm HTTP/1.1" 200 1612 "http://wjtt2.eicp.net/left.htm" "Mozilla/4.0 (compatible; MSIE 6.0; Windows NT 5.1; SV1; .NET CLR 2.0.50727; MAXTHON 2.0)"
60.17.203.20 - - [17/Feb/2008:19:07:15 +0800] "GET /favicon.ico HTTP/1.1" 404 298 "-" "Mozilla/4.0 (compatible; MSIE 6.0; Windows NT 5.1; SV1; MAXTHON 2.0)"
219.236.48.128 - - [17/Feb/2008:19:03:00 +0800] "GET /_content/images/main9_2_clip_image001.jpg HTTP/1.1" 200 76771 "http://wjtt2.eicp.net/_content/main9_2.htm" "Mozilla/4.0 (compatible; MSIE 6.0; Windows NT 5.1; SV1; .NET CLR 2.0.50727; MAXTHON 2.0)"
60.17.203.20 - - [17/Feb/2008:19:07:24 +0800] "GET / HTTP/1.1" 200 759 "http://bbs.99nets.com/read.php?tid=592845" "Mozilla/4.0 (compatible; MSIE 6.0; Windows NT 5.1; SV1; MAXTHON 2.0)"
60.17.203.20 - - [17/Feb/2008:19:08:00 +0800] "GET /css/style.css HTTP/1.1" 200 637 "http://wjtt2.eicp.net/" "Mozilla/4.0 (compatible; MSIE 6.0; Windows NT 5.1; SV1; MAXTHON 2.0)"
60.17.203.20 - - [17/Feb/2008:19:08:00 +0800] "GET /left.htm HTTP/1.1" 200 9701 "http://wjtt2.eicp.net/" "Mozilla/4.0 (compatible; MSIE 6.0; Windows NT 5.1; SV1; MAXTHON 2.0)"
60.17.203.20 - - [17/Feb/2008:19:08:01 +0800] "GET /_content/main1_1.htm HTTP/1.1" 200 1880 "http://wjtt2.eicp.net/" "Mozilla/4.0 (compatible; MSIE 6.0; Windows NT 5.1; SV1; MAXTHON 2.0)"
219.236.48.128 - - [17/Feb/2008:19:03:06 +0800] "GET /_content/main1_2.htm HTTP/1.1" 200 1612 "http://wjtt2.eicp.net/left.htm" "Mozilla/4.0 (compatible; MSIE 6.0; Windows NT 5.1; SV1; .NET CLR 2.0.50727; MAXTHON 2.0)"
60.17.203.20 - - [17/Feb/2008:19:08:01 +0800] "GET /images/img02.gif HTTP/1.1" 200 21218 "http://wjtt2.eicp.net/left.htm" "Mozilla/4.0 (compatible; MSIE 6.0; Windows NT 5.1; SV1; MAXTHON 2.0)"
60.17.203.20 - - [17/Feb/2008:19:08:01 +0800] "GET /images/img04.jpg HTTP/1.1" 200 12027 "http://wjtt2.eicp.net/left.htm" "Mozilla/4.0 (compatible; MSIE 6.0; Windows NT 5.1; SV1; MAXTHON 2.0)"
60.17.203.20 - - [17/Feb/2008:19:08:01 +0800] "GET /images/img05.jpg HTTP/1.1" 200 6722 "http://wjtt2.eicp.net/left.htm" "Mozilla/4.0 (compatible; MSIE 6.0; Windows NT 5.1; SV1; MAXTHON 2.0)"
60.17.203.20 - - [17/Feb/2008:19:08:01 +0800] "GET /images/img08.jpg HTTP/1.1" 200 1226 "http://wjtt2.eicp.net/left.htm" "Mozilla/4.0 (compatible; MSIE 6.0; Windows NT 5.1; SV1; MAXTHON 2.0)"
60.17.203.20 - - [17/Feb/2008:19:08:01 +0800] "GET /images/img09.jpg HTTP/1.1" 200 2465 "http://wjtt2.eicp.net/left.htm" "Mozilla/4.0 (compatible; MSIE 6.0; Windows NT 5.1; SV1; MAXTHON 2.0)"
60.17.203.20 - - [17/Feb/2008:19:08:01 +0800] "GET /_content/css/style.css HTTP/1.1" 200 637 "http://wjtt2.eicp.net/_content/main1_1.htm" "Mozilla/4.0 (compatible; MSIE 6.0; Windows NT 5.1; SV1; MAXTHON 2.0)"
60.17.203.20 - - [17/Feb/2008:19:08:01 +0800] "GET /images/img01.gif HTTP/1.1" 200 9328 "http://wjtt2.eicp.net/left.htm" "Mozilla/4.0 (compatible; MSIE 6.0; Windows NT 5.1; SV1; MAXTHON 2.0)"
60.17.203.20 - - [17/Feb/2008:19:08:19 +0800] "GET /_content/images/bg.jpg HTTP/1.1" 200 158541 "http://wjtt2.eicp.net/_content/main1_1.htm" "Mozilla/4.0 (compatible; MSIE 6.0; Windows NT 5.1; SV1; MAXTHON 2.0)"
60.17.203.20 - - [17/Feb/2008:19:08:29 +0800] "GET /favicon.ico HTTP/1.1" 404 298 "-" "Mozilla/4.0 (compatible; MSIE 6.0; Windows NT 5.1; SV1; MAXTHON 2.0)"
220.185.65.151 - - [17/Feb/2008:19:09:51 +0800] "GET / HTTP/1.1" 200 759 "http://bbs.99nets.com/read.php?tid=592845" "Mozilla/4.0 (compatible; MSIE 6.0; Windows NT 5.1; SV1; Maxthon; .NET CLR 1.1.4322)"
220.185.65.151 - - [17/Feb/2008:19:09:51 +0800] "GET /css/style.css HTTP/1.1" 200 637 "http://wjtt2.eicp.net/" "Mozilla/4.0 (compatible; MSIE 6.0; Windows NT 5.1; SV1; Maxthon; .NET CLR 1.1.4322)"
220.185.65.151 - - [17/Feb/2008:19:09:51 +0800] "GET /left.htm HTTP/1.1" 200 9701 "http://wjtt2.eicp.net/" "Mozilla/4.0 (compatible; MSIE 6.0; Windows NT 5.1; SV1; Maxthon; .NET CLR 1.1.4322)"
220.185.65.151 - - [17/Feb/2008:19:09:51 +0800] "GET /_content/main1_1.htm HTTP/1.1" 200 1880 "http://wjtt2.eicp.net/" "Mozilla/4.0 (compatible; MSIE 6.0; Windows NT 5.1; SV1; Maxthon; .NET CLR 1.1.4322)"
220.185.65.151 - - [17/Feb/2008:19:09:52 +0800] "GET /images/img01.gif HTTP/1.1" 200 9328 "http://wjtt2.eicp.net/left.htm" "Mozilla/4.0 (compatible; MSIE 6.0; Windows NT 5.1; SV1; Maxthon; .NET CLR 1.1.4322)"
220.185.65.151 - - [17/Feb/2008:19:09:52 +0800] "GET /images/img09.jpg HTTP/1.1" 200 2465 "http://wjtt2.eicp.net/left.htm" "Mozilla/4.0 (compatible; MSIE 6.0; Windows NT 5.1; SV1; Maxthon; .NET CLR 1.1.4322)"
220.185.65.151 - - [17/Feb/2008:19:09:52 +0800] "GET /images/img02.gif HTTP/1.1" 200 21218 "http://wjtt2.eicp.net/left.htm" "Mozilla/4.0 (compatible; MSIE 6.0; Windows NT 5.1; SV1; Maxthon; .NET CLR 1.1.4322)"
220.185.65.151 - - [17/Feb/2008:19:09:52 +0800] "GET /_content/css/style.css HTTP/1.1" 200 637 "http://wjtt2.eicp.net/_content/main1_1.htm" "Mozilla/4.0 (compatible; MSIE 6.0; Windows NT 5.1; SV1; Maxthon; .NET CLR 1.1.4322)"
220.185.65.151 - - [17/Feb/2008:19:09:52 +0800] "GET /images/img04.jpg HTTP/1.1" 200 12027 "http://wjtt2.eicp.net/left.htm" "Mozilla/4.0 (compatible; MSIE 6.0; Windows NT 5.1; SV1; Maxthon; .NET CLR 1.1.4322)"
220.185.65.151 - - [17/Feb/2008:19:09:52 +0800] "GET /images/img05.jpg HTTP/1.1" 200 6722 "http://wjtt2.eicp.net/left.htm" "Mozilla/4.0 (compatible; MSIE 6.0; Windows NT 5.1; SV1; Maxthon; .NET CLR 1.1.4322)"
220.185.65.151 - - [17/Feb/2008:19:09:52 +0800] "GET /images/img08.jpg HTTP/1.1" 200 1226 "http://wjtt2.eicp.net/left.htm" "Mozilla/4.0 (compatible; MSIE 6.0; Windows NT 5.1; SV1; Maxthon; .NET CLR 1.1.4322)"
220.185.65.151 - - [17/Feb/2008:19:09:53 +0800] "GET /_content/images/bg.jpg HTTP/1.1" 200 158541 "http://wjtt2.eicp.net/_content/main1_1.htm" "Mozilla/4.0 (compatible; MSIE 6.0; Windows NT 5.1; SV1; Maxthon; .NET CLR 1.1.4322)"
220.185.65.151 - - [17/Feb/2008:19:10:03 +0800] "GET /_content/main9_3.htm HTTP/1.1" 200 4518 "http://wjtt2.eicp.net/left.htm" "Mozilla/4.0 (compatible; MSIE 6.0; Windows NT 5.1; SV1; Maxthon; .NET CLR 1.1.4322)"
220.185.65.151 - - [17/Feb/2008:19:10:32 +0800] "GET /_content/main7_1.htm HTTP/1.1" 200 13385 "http://wjtt2.eicp.net/left.htm" "Mozilla/4.0 (compatible; MSIE 6.0; Windows NT 5.1; SV1; Maxthon; .NET CLR 1.1.4322)"
220.185.65.151 - - [17/Feb/2008:19:10:34 +0800] "GET /_content/images/main7_1_clip_image001.jpg HTTP/1.1" 200 46924 "http://wjtt2.eicp.net/_content/main7_1.htm" "Mozilla/4.0 (compatible; MSIE 6.0; Windows NT 5.1; SV1; Maxthon; .NET CLR 1.1.4322)"
220.185.65.151 - - [17/Feb/2008:19:10:51 +0800] "GET /_content/main8_1.htm HTTP/1.1" 200 2435 "http://wjtt2.eicp.net/left.htm" "Mozilla/4.0 (compatible; MSIE 6.0; Windows NT 5.1; SV1; Maxthon; .NET CLR 1.1.4322)"
220.185.65.151 - - [17/Feb/2008:19:10:51 +0800] "GET /_content/images/main8_1_clip_image001.jpg HTTP/1.1" 200 88336 "http://wjtt2.eicp.net/_content/main8_1.htm" "Mozilla/4.0 (compatible; MSIE 6.0; Windows NT 5.1; SV1; Maxthon; .NET CLR 1.1.4322)"
219.134.66.79 - - [17/Feb/2008:19:13:39 +0800] "GET /favicon.ico HTTP/1.1" 404 298 "-" "Mozilla/4.0 (compatible; MSIE 7.0; Windows NT 5.1; TheWorld)"
219.134.66.79 - - [17/Feb/2008:19:13:39 +0800] "GET / HTTP/1.1" 200 759 "http://bbs.99nets.com/read.php?tid=592845" "Mozilla/4.0 (compatible; MSIE 7.0; Windows NT 5.1; TheWorld)"
219.134.66.79 - - [17/Feb/2008:19:13:39 +0800] "GET /css/style.css HTTP/1.1" 200 637 "http://wjtt2.eicp.net/" "Mozilla/4.0 (compatible; MSIE 7.0; Windows NT 5.1; TheWorld)"
219.134.66.79 - - [17/Feb/2008:19:13:39 +0800] "GET /_content/main1_1.htm HTTP/1.1" 200 1880 "http://wjtt2.eicp.net/" "Mozilla/4.0 (compatible; MSIE 7.0; Windows NT 5.1; TheWorld)"
219.134.66.79 - - [17/Feb/2008:19:13:39 +0800] "GET /left.htm HTTP/1.1" 200 9701 "http://wjtt2.eicp.net/" "Mozilla/4.0 (compatible; MSIE 7.0; Windows NT 5.1; TheWorld)"
219.134.66.79 - - [17/Feb/2008:19:13:40 +0800] "GET /_content/css/style.css HTTP/1.1" 200 637 "http://wjtt2.eicp.net/_content/main1_1.htm" "Mozilla/4.0 (compatible; MSIE 7.0; Windows NT 5.1; TheWorld)"
219.134.66.79 - - [17/Feb/2008:19:13:40 +0800] "GET /images/img01.gif HTTP/1.1" 200 9328 "http://wjtt2.eicp.net/left.htm" "Mozilla/4.0 (compatible; MSIE 7.0; Windows NT 5.1; TheWorld)"
219.134.66.79 - - [17/Feb/2008:19:13:40 +0800] "GET /images/img08.jpg HTTP/1.1" 200 1226 "http://wjtt2.eicp.net/left.htm" "Mozilla/4.0 (compatible; MSIE 7.0; Windows NT 5.1; TheWorld)"
219.134.66.79 - - [17/Feb/2008:19:13:40 +0800] "GET /images/img05.jpg HTTP/1.1" 200 6722 "http://wjtt2.eicp.net/left.htm" "Mozilla/4.0 (compatible; MSIE 7.0; Windows NT 5.1; TheWorld)"
219.134.66.79 - - [17/Feb/2008:19:13:40 +0800] "GET /images/img02.gif HTTP/1.1" 200 21218 "http://wjtt2.eicp.net/left.htm" "Mozilla/4.0 (compatible; MSIE 7.0; Windows NT 5.1; TheWorld)"
219.134.66.79 - - [17/Feb/2008:19:13:40 +0800] "GET /images/img04.jpg HTTP/1.1" 200 12027 "http://wjtt2.eicp.net/left.htm" "Mozilla/4.0 (compatible; MSIE 7.0; Windows NT 5.1; TheWorld)"
219.134.66.79 - - [17/Feb/2008:19:13:40 +0800] "GET /images/img09.jpg HTTP/1.1" 200 2465 "http://wjtt2.eicp.net/left.htm" "Mozilla/4.0 (compatible; MSIE 7.0; Windows NT 5.1; TheWorld)"
219.134.66.79 - - [17/Feb/2008:19:13:40 +0800] "GET /_content/images/bg.jpg HTTP/1.1" 200 158541 "http://wjtt2.eicp.net/_content/main1_1.htm" "Mozilla/4.0 (compatible; MSIE 7.0; Windows NT 5.1; TheWorld)"
219.159.191.170 - - [17/Feb/2008:19:21:39 +0800] "GET / HTTP/1.1" 200 759 "http://bbs.99nets.com/read.php?tid=592845" "Mozilla/4.0 (compatible; MSIE 6.0; Windows NT 5.1; SV1; .NET CLR 2.0.50727)"
219.159.191.170 - - [17/Feb/2008:19:21:39 +0800] "GET /css/style.css HTTP/1.1" 200 637 "http://wjtt2.eicp.net/" "Mozilla/4.0 (compatible; MSIE 6.0; Windows NT 5.1; SV1; .NET CLR 2.0.50727)"
219.159.191.170 - - [17/Feb/2008:19:21:39 +0800] "GET /_content/main1_1.htm HTTP/1.1" 200 1880 "http://wjtt2.eicp.net/" "Mozilla/4.0 (compatible; MSIE 6.0; Windows NT 5.1; SV1; .NET CLR 2.0.50727)"
219.159.191.170 - - [17/Feb/2008:19:21:39 +0800] "GET /left.htm HTTP/1.1" 200 9701 "http://wjtt2.eicp.net/" "Mozilla/4.0 (compatible; MSIE 6.0; Windows NT 5.1; SV1; .NET CLR 2.0.50727)"
219.159.191.170 - - [17/Feb/2008:19:21:39 +0800] "GET /images/img01.gif HTTP/1.1" 200 9328 "http://wjtt2.eicp.net/left.htm" "Mozilla/4.0 (compatible; MSIE 6.0; Windows NT 5.1; SV1; .NET CLR 2.0.50727)"
219.159.191.170 - - [17/Feb/2008:19:21:39 +0800] "GET /images/img02.gif HTTP/1.1" 200 21218 "http://wjtt2.eicp.net/left.htm" "Mozilla/4.0 (compatible; MSIE 6.0; Windows NT 5.1; SV1; .NET CLR 2.0.50727)"
219.159.191.170 - - [17/Feb/2008:19:21:40 +0800] "GET /images/img04.jpg HTTP/1.1" 200 12027 "http://wjtt2.eicp.net/left.htm" "Mozilla/4.0 (compatible; MSIE 6.0; Windows NT 5.1; SV1; .NET CLR 2.0.50727)"
219.159.191.170 - - [17/Feb/2008:19:21:40 +0800] "GET /images/img05.jpg HTTP/1.1" 200 6722 "http://wjtt2.eicp.net/left.htm" "Mozilla/4.0 (compatible; MSIE 6.0; Windows NT 5.1; SV1; .NET CLR 2.0.50727)"
219.159.191.170 - - [17/Feb/2008:19:21:40 +0800] "GET /_content/css/style.css HTTP/1.1" 200 637 "http://wjtt2.eicp.net/_content/main1_1.htm" "Mozilla/4.0 (compatible; MSIE 6.0; Windows NT 5.1; SV1; .NET CLR 2.0.50727)"
219.159.191.170 - - [17/Feb/2008:19:21:40 +0800] "GET /images/img08.jpg HTTP/1.1" 200 1226 "http://wjtt2.eicp.net/left.htm" "Mozilla/4.0 (compatible; MSIE 6.0; Windows NT 5.1; SV1; .NET CLR 2.0.50727)"
219.159.191.170 - - [17/Feb/2008:19:21:40 +0800] "GET /images/img09.jpg HTTP/1.1" 200 2465 "http://wjtt2.eicp.net/left.htm" "Mozilla/4.0 (compatible; MSIE 6.0; Windows NT 5.1; SV1; .NET CLR 2.0.50727)"
219.159.191.170 - - [17/Feb/2008:19:21:40 +0800] "GET /_content/images/bg.jpg HTTP/1.1" 200 158541 "http://wjtt2.eicp.net/_content/main1_1.htm" "Mozilla/4.0 (compatible; MSIE 6.0; Windows NT 5.1; SV1; .NET CLR 2.0.50727)"
219.159.191.170 - - [17/Feb/2008:19:22:23 +0800] "GET /_content/main16_1.htm HTTP/1.1" 200 2551 "http://wjtt2.eicp.net/left.htm" "Mozilla/4.0 (compatible; MSIE 6.0; Windows NT 5.1; SV1; .NET CLR 2.0.50727)"
219.159.191.170 - - [17/Feb/2008:19:22:23 +0800] "GET /_content/images/main16_1_clip_image001.jpg HTTP/1.1" 200 75764 "http://wjtt2.eicp.net/_content/main16_1.htm" "Mozilla/4.0 (compatible; MSIE 6.0; Windows NT 5.1; SV1; .NET CLR 2.0.50727)"
61.87.212.102 - - [17/Feb/2008:19:23:58 +0800] "GET / HTTP/1.1" 200 759 "http://bbs.99nets.com/read.php?tid=592845" "Mozilla/4.0 (compatible; MSIE 7.0; Windows NT 5.1; Mozilla/4.0 (compatible; MSIE 6.0; Windows NT 5.1; SV1) ; .NET CLR 2.0.50727)"
61.87.212.102 - - [17/Feb/2008:19:23:59 +0800] "GET /css/style.css HTTP/1.1" 200 637 "http://wjtt2.eicp.net/" "Mozilla/4.0 (compatible; MSIE 7.0; Windows NT 5.1; Mozilla/4.0 (compatible; MSIE 6.0; Windows NT 5.1; SV1) ; .NET CLR 2.0.50727)"
61.87.212.102 - - [17/Feb/2008:19:24:03 +0800] "GET /_content/main1_1.htm HTTP/1.1" 200 1880 "http://wjtt2.eicp.net/" "Mozilla/4.0 (compatible; MSIE 7.0; Windows NT 5.1; Mozilla/4.0 (compatible; MSIE 6.0; Windows NT 5.1; SV1) ; .NET CLR 2.0.50727)"
61.87.212.102 - - [17/Feb/2008:19:23:59 +0800] "GET /left.htm HTTP/1.1" 200 9701 "http://wjtt2.eicp.net/" "Mozilla/4.0 (compatible; MSIE 7.0; Windows NT 5.1; Mozilla/4.0 (compatible; MSIE 6.0; Windows NT 5.1; SV1) ; .NET CLR 2.0.50727)"
61.87.212.102 - - [17/Feb/2008:19:24:04 +0800] "GET /images/img01.gif HTTP/1.1" 200 9328 "http://wjtt2.eicp.net/left.htm" "Mozilla/4.0 (compatible; MSIE 7.0; Windows NT 5.1; Mozilla/4.0 (compatible; MSIE 6.0; Windows NT 5.1; SV1) ; .NET CLR 2.0.50727)"
61.87.212.102 - - [17/Feb/2008:19:24:03 +0800] "GET /_content/css/style.css HTTP/1.1" 200 637 "http://wjtt2.eicp.net/_content/main1_1.htm" "Mozilla/4.0 (compatible; MSIE 7.0; Windows NT 5.1; Mozilla/4.0 (compatible; MSIE 6.0; Windows NT 5.1; SV1) ; .NET CLR 2.0.50727)"
61.87.212.102 - - [17/Feb/2008:19:24:04 +0800] "GET /images/img05.jpg HTTP/1.1" 200 6722 "http://wjtt2.eicp.net/left.htm" "Mozilla/4.0 (compatible; MSIE 7.0; Windows NT 5.1; Mozilla/4.0 (compatible; MSIE 6.0; Windows NT 5.1; SV1) ; .NET CLR 2.0.50727)"
61.87.212.102 - - [17/Feb/2008:19:24:04 +0800] "GET /images/img02.gif HTTP/1.1" 200 21218 "http://wjtt2.eicp.net/left.htm" "Mozilla/4.0 (compatible; MSIE 7.0; Windows NT 5.1; Mozilla/4.0 (compatible; MSIE 6.0; Windows NT 5.1; SV1) ; .NET CLR 2.0.50727)"
61.87.212.102 - - [17/Feb/2008:19:24:04 +0800] "GET /images/img09.jpg HTTP/1.1" 200 2465 "http://wjtt2.eicp.net/left.htm" "Mozilla/4.0 (compatible; MSIE 7.0; Windows NT 5.1; Mozilla/4.0 (compatible; MSIE 6.0; Windows NT 5.1; SV1) ; .NET CLR 2.0.50727)"
61.87.212.102 - - [17/Feb/2008:19:24:04 +0800] "GET /images/img08.jpg HTTP/1.1" 200 1226 "http://wjtt2.eicp.net/left.htm" "Mozilla/4.0 (compatible; MSIE 7.0; Windows NT 5.1; Mozilla/4.0 (compatible; MSIE 6.0; Windows NT 5.1; SV1) ; .NET CLR 2.0.50727)"
61.87.212.102 - - [17/Feb/2008:19:24:07 +0800] "GET /images/img04.jpg HTTP/1.1" 200 12027 "http://wjtt2.eicp.net/left.htm" "Mozilla/4.0 (compatible; MSIE 7.0; Windows NT 5.1; Mozilla/4.0 (compatible; MSIE 6.0; Windows NT 5.1; SV1) ; .NET CLR 2.0.50727)"
219.159.191.170 - - [17/Feb/2008:19:24:32 +0800] "GET /_content/main23_1.htm HTTP/1.1" 200 1300 "http://wjtt2.eicp.net/left.htm" "Mozilla/4.0 (compatible; MSIE 6.0; Windows NT 5.1; SV1; .NET CLR 2.0.50727)"
219.159.191.170 - - [17/Feb/2008:19:24:32 +0800] "GET /_content/images/main23_1_clip_image001.jpg HTTP/1.1" 200 78430 "http://wjtt2.eicp.net/_content/main23_1.htm" "Mozilla/4.0 (compatible; MSIE 6.0; Windows NT 5.1; SV1; .NET CLR 2.0.50727)"
125.93.224.173 - - [17/Feb/2008:19:24:43 +0800] "GET / HTTP/1.1" 200 759 "http://bbs.99nets.com/read.php?tid=592845" "Mozilla/4.0 (compatible; MSIE 6.0; Windows NT 5.1; SV1; .NET CLR 2.0.50727)"
125.93.224.173 - - [17/Feb/2008:19:24:44 +0800] "GET /css/style.css HTTP/1.1" 200 637 "http://wjtt2.eicp.net/" "Mozilla/4.0 (compatible; MSIE 6.0; Windows NT 5.1; SV1; .NET CLR 2.0.50727)"
125.93.224.173 - - [17/Feb/2008:19:24:45 +0800] "GET /left.htm HTTP/1.1" 200 9701 "http://wjtt2.eicp.net/" "Mozilla/4.0 (compatible; MSIE 6.0; Windows NT 5.1; SV1; .NET CLR 2.0.50727)"
125.93.224.173 - - [17/Feb/2008:19:24:45 +0800] "GET /_content/main1_1.htm HTTP/1.1" 200 1880 "http://wjtt2.eicp.net/" "Mozilla/4.0 (compatible; MSIE 6.0; Windows NT 5.1; SV1; .NET CLR 2.0.50727)"
219.159.191.170 - - [17/Feb/2008:19:24:46 +0800] "GET /_content/main1_3.htm HTTP/1.1" 200 2005 "http://wjtt2.eicp.net/left.htm" "Mozilla/4.0 (compatible; MSIE 6.0; Windows NT 5.1; SV1; .NET CLR 2.0.50727)"
125.93.224.173 - - [17/Feb/2008:19:24:46 +0800] "GET /images/img01.gif HTTP/1.1" 200 9328 "http://wjtt2.eicp.net/left.htm" "Mozilla/4.0 (compatible; MSIE 6.0; Windows NT 5.1; SV1; .NET CLR 2.0.50727)"
125.93.224.173 - - [17/Feb/2008:19:24:46 +0800] "GET /images/img02.gif HTTP/1.1" 200 21218 "http://wjtt2.eicp.net/left.htm" "Mozilla/4.0 (compatible; MSIE 6.0; Windows NT 5.1; SV1; .NET CLR 2.0.50727)"
125.93.224.173 - - [17/Feb/2008:19:24:46 +0800] "GET /images/img05.jpg HTTP/1.1" 200 6722 "http://wjtt2.eicp.net/left.htm" "Mozilla/4.0 (compatible; MSIE 6.0; Windows NT 5.1; SV1; .NET CLR 2.0.50727)"
125.93.224.173 - - [17/Feb/2008:19:24:46 +0800] "GET /images/img09.jpg HTTP/1.1" 200 2465 "http://wjtt2.eicp.net/left.htm" "Mozilla/4.0 (compatible; MSIE 6.0; Windows NT 5.1; SV1; .NET CLR 2.0.50727)"
125.93.224.173 - - [17/Feb/2008:19:24:46 +0800] "GET /images/img04.jpg HTTP/1.1" 200 12027 "http://wjtt2.eicp.net/left.htm" "Mozilla/4.0 (compatible; MSIE 6.0; Windows NT 5.1; SV1; .NET CLR 2.0.50727)"
125.93.224.173 - - [17/Feb/2008:19:24:46 +0800] "GET /images/img08.jpg HTTP/1.1" 200 1226 "http://wjtt2.eicp.net/left.htm" "Mozilla/4.0 (compatible; MSIE 6.0; Windows NT 5.1; SV1; .NET CLR 2.0.50727)"
125.93.224.173 - - [17/Feb/2008:19:24:46 +0800] "GET /_content/css/style.css HTTP/1.1" 200 637 "http://wjtt2.eicp.net/_content/main1_1.htm" "Mozilla/4.0 (compatible; MSIE 6.0; Windows NT 5.1; SV1; .NET CLR 2.0.50727)"
61.225.55.30 - - [17/Feb/2008:19:24:54 +0800] "GET /favicon.ico HTTP/1.1" 404 298 "-" "Mozilla/4.0 (compatible; MSIE 7.0; Windows NT 5.1; Foxy/1; Foxy/1; .NET CLR 2.0.50727)"
219.159.191.170 - - [17/Feb/2008:19:24:46 +0800] "GET /_content/images/a_weapon.gif HTTP/1.1" 200 30085 "http://wjtt2.eicp.net/_content/main1_3.htm" "Mozilla/4.0 (compatible; MSIE 6.0; Windows NT 5.1; SV1; .NET CLR 2.0.50727)"
61.225.55.30 - - [17/Feb/2008:19:24:54 +0800] "GET / HTTP/1.1" 200 759 "http://bbs.99nets.com/read.php?tid=592845&fpage=0&toread=&page=1" "Mozilla/4.0 (compatible; MSIE 7.0; Windows NT 5.1; Foxy/1; Foxy/1; .NET CLR 2.0.50727)"
61.225.55.30 - - [17/Feb/2008:19:25:00 +0800] "GET /css/style.css HTTP/1.1" 200 637 "http://wjtt2.eicp.net/" "Mozilla/4.0 (compatible; MSIE 7.0; Windows NT 5.1; Foxy/1; Foxy/1; .NET CLR 2.0.50727)"
125.93.224.173 - - [17/Feb/2008:19:24:54 +0800] "GET /_content/images/bg.jpg HTTP/1.1" 200 158541 "http://wjtt2.eicp.net/_content/main1_1.htm" "Mozilla/4.0 (compatible; MSIE 6.0; Windows NT 5.1; SV1; .NET CLR 2.0.50727)"
61.225.55.30 - - [17/Feb/2008:19:25:06 +0800] "GET /left.htm HTTP/1.1" 200 9701 "http://wjtt2.eicp.net/" "Mozilla/4.0 (compatible; MSIE 7.0; Windows NT 5.1; Foxy/1; Foxy/1; .NET CLR 2.0.50727)"
61.87.212.102 - - [17/Feb/2008:19:24:07 +0800] "GET /_content/images/bg.jpg HTTP/1.1" 200 158541 "http://wjtt2.eicp.net/_content/main1_1.htm" "Mozilla/4.0 (compatible; MSIE 7.0; Windows NT 5.1; Mozilla/4.0 (compatible; MSIE 6.0; Windows NT 5.1; SV1) ; .NET CLR 2.0.50727)"
61.87.212.102 - - [17/Feb/2008:19:25:10 +0800] "GET /favicon.ico HTTP/1.1" 404 298 "-" "Mozilla/4.0 (compatible; MSIE 7.0; Windows NT 5.1; Mozilla/4.0 (compatible; MSIE 6.0; Windows NT 5.1; SV1) ; .NET CLR 2.0.50727)"
125.93.224.173 - - [17/Feb/2008:19:25:08 +0800] "GET /_content/main1_3.htm HTTP/1.1" 200 2005 "http://wjtt2.eicp.net/left.htm" "Mozilla/4.0 (compatible; MSIE 6.0; Windows NT 5.1; SV1; .NET CLR 2.0.50727)"
61.225.55.30 - - [17/Feb/2008:19:25:06 +0800] "GET /_content/main1_1.htm HTTP/1.1" 200 1880 "http://wjtt2.eicp.net/" "Mozilla/4.0 (compatible; MSIE 7.0; Windows NT 5.1; Foxy/1; Foxy/1; .NET CLR 2.0.50727)"
61.225.55.30 - - [17/Feb/2008:19:25:10 +0800] "GET /images/img05.jpg HTTP/1.1" 200 6722 "http://wjtt2.eicp.net/left.htm" "Mozilla/4.0 (compatible; MSIE 7.0; Windows NT 5.1; Foxy/1; Foxy/1; .NET CLR 2.0.50727)"
61.225.55.30 - - [17/Feb/2008:19:25:10 +0800] "GET /images/img01.gif HTTP/1.1" 200 9328 "http://wjtt2.eicp.net/left.htm" "Mozilla/4.0 (compatible; MSIE 7.0; Windows NT 5.1; Foxy/1; Foxy/1; .NET CLR 2.0.50727)"
61.225.55.30 - - [17/Feb/2008:19:25:10 +0800] "GET /images/img02.gif HTTP/1.1" 200 21218 "http://wjtt2.eicp.net/left.htm" "Mozilla/4.0 (compatible; MSIE 7.0; Windows NT 5.1; Foxy/1; Foxy/1; .NET CLR 2.0.50727)"
61.225.55.30 - - [17/Feb/2008:19:25:10 +0800] "GET /images/img08.jpg HTTP/1.1" 200 1226 "http://wjtt2.eicp.net/left.htm" "Mozilla/4.0 (compatible; MSIE 7.0; Windows NT 5.1; Foxy/1; Foxy/1; .NET CLR 2.0.50727)"
125.93.224.173 - - [17/Feb/2008:19:25:11 +0800] "GET /_content/images/a_weapon.gif HTTP/1.1" 200 30085 "http://wjtt2.eicp.net/_content/main1_3.htm" "Mozilla/4.0 (compatible; MSIE 6.0; Windows NT 5.1; SV1; .NET CLR 2.0.50727)"
61.225.55.30 - - [17/Feb/2008:19:25:11 +0800] "GET /images/img09.jpg HTTP/1.1" 200 2465 "http://wjtt2.eicp.net/left.htm" "Mozilla/4.0 (compatible; MSIE 7.0; Windows NT 5.1; Foxy/1; Foxy/1; .NET CLR 2.0.50727)"
61.225.55.30 - - [17/Feb/2008:19:25:10 +0800] "GET /images/img04.jpg HTTP/1.1" 200 12027 "http://wjtt2.eicp.net/left.htm" "Mozilla/4.0 (compatible; MSIE 7.0; Windows NT 5.1; Foxy/1; Foxy/1; .NET CLR 2.0.50727)"
61.225.55.30 - - [17/Feb/2008:19:25:12 +0800] "GET /_content/css/style.css HTTP/1.1" 200 637 "http://wjtt2.eicp.net/_content/main1_1.htm" "Mozilla/4.0 (compatible; MSIE 7.0; Windows NT 5.1; Foxy/1; Foxy/1; .NET CLR 2.0.50727)"
61.225.55.30 - - [17/Feb/2008:19:25:19 +0800] "GET /_content/images/bg.jpg HTTP/1.1" 200 158541 "http://wjtt2.eicp.net/_content/main1_1.htm" "Mozilla/4.0 (compatible; MSIE 7.0; Windows NT 5.1; Foxy/1; Foxy/1; .NET CLR 2.0.50727)"
61.87.212.102 - - [17/Feb/2008:19:26:25 +0800] "GET /_content/main7_1.htm HTTP/1.1" 200 13385 "http://wjtt2.eicp.net/left.htm" "Mozilla/4.0 (compatible; MSIE 7.0; Windows NT 5.1; Mozilla/4.0 (compatible; MSIE 6.0; Windows NT 5.1; SV1) ; .NET CLR 2.0.50727)"
61.87.212.102 - - [17/Feb/2008:19:26:27 +0800] "GET /_content/images/main7_1_clip_image001.jpg HTTP/1.1" 200 46924 "http://wjtt2.eicp.net/_content/main7_1.htm" "Mozilla/4.0 (compatible; MSIE 7.0; Windows NT 5.1; Mozilla/4.0 (compatible; MSIE 6.0; Windows NT 5.1; SV1) ; .NET CLR 2.0.50727)"
61.87.212.102 - - [17/Feb/2008:19:27:12 +0800] "GET /_content/main7_2.htm HTTP/1.1" 200 2007 "http://wjtt2.eicp.net/left.htm" "Mozilla/4.0 (compatible; MSIE 7.0; Windows NT 5.1; Mozilla/4.0 (compatible; MSIE 6.0; Windows NT 5.1; SV1) ; .NET CLR 2.0.50727)"
61.87.212.102 - - [17/Feb/2008:19:27:13 +0800] "GET /_content/images/main7_2_clip_image001.jpg HTTP/1.1" 200 87158 "http://wjtt2.eicp.net/_content/main7_2.htm" "Mozilla/4.0 (compatible; MSIE 7.0; Windows NT 5.1; Mozilla/4.0 (compatible; MSIE 6.0; Windows NT 5.1; SV1) ; .NET CLR 2.0.50727)"
61.87.212.102 - - [17/Feb/2008:19:27:37 +0800] "GET /_content/main7_3.htm HTTP/1.1" 200 1275 "http://wjtt2.eicp.net/left.htm" "Mozilla/4.0 (compatible; MSIE 7.0; Windows NT 5.1; Mozilla/4.0 (compatible; MSIE 6.0; Windows NT 5.1; SV1) ; .NET CLR 2.0.50727)"
61.87.212.102 - - [17/Feb/2008:19:27:38 +0800] "GET /_content/images/main7_3_clip_image001.jpg HTTP/1.1" 200 92929 "http://wjtt2.eicp.net/_content/main7_3.htm" "Mozilla/4.0 (compatible; MSIE 7.0; Windows NT 5.1; Mozilla/4.0 (compatible; MSIE 6.0; Windows NT 5.1; SV1) ; .NET CLR 2.0.50727)"
61.87.212.102 - - [17/Feb/2008:19:28:01 +0800] "GET /_content/main7_4.htm HTTP/1.1" 200 1210 "http://wjtt2.eicp.net/left.htm" "Mozilla/4.0 (compatible; MSIE 7.0; Windows NT 5.1; Mozilla/4.0 (compatible; MSIE 6.0; Windows NT 5.1; SV1) ; .NET CLR 2.0.50727)"
61.87.212.102 - - [17/Feb/2008:19:28:06 +0800] "GET /_content/images/main7_4_clip_image001.jpg HTTP/1.1" 200 69723 "http://wjtt2.eicp.net/_content/main7_4.htm" "Mozilla/4.0 (compatible; MSIE 7.0; Windows NT 5.1; Mozilla/4.0 (compatible; MSIE 6.0; Windows NT 5.1; SV1) ; .NET CLR 2.0.50727)"
61.87.212.102 - - [17/Feb/2008:19:28:27 +0800] "GET /_content/main9_1.htm HTTP/1.1" 200 7024 "http://wjtt2.eicp.net/left.htm" "Mozilla/4.0 (compatible; MSIE 7.0; Windows NT 5.1; Mozilla/4.0 (compatible; MSIE 6.0; Windows NT 5.1; SV1) ; .NET CLR 2.0.50727)"
61.87.212.102 - - [17/Feb/2008:19:28:31 +0800] "GET /_content/images/main9_1_clip_image001.jpg HTTP/1.1" 200 75728 "http://wjtt2.eicp.net/_content/main9_1.htm" "Mozilla/4.0 (compatible; MSIE 7.0; Windows NT 5.1; Mozilla/4.0 (compatible; MSIE 6.0; Windows NT 5.1; SV1) ; .NET CLR 2.0.50727)"
222.64.225.222 - - [17/Feb/2008:19:32:42 +0800] "GET / HTTP/1.1" 200 759 "http://bbs.99nets.com/read.php?tid=592845&fpage=1&toread=&page=1" "Mozilla/4.0 (compatible; MSIE 6.0; Windows NT 5.1; SV1; QQDownload 1.7)"
222.64.225.222 - - [17/Feb/2008:19:32:42 +0800] "GET /css/style.css HTTP/1.1" 200 637 "http://wjtt2.eicp.net/" "Mozilla/4.0 (compatible; MSIE 6.0; Windows NT 5.1; SV1; QQDownload 1.7)"
222.64.225.222 - - [17/Feb/2008:19:32:42 +0800] "GET /left.htm HTTP/1.1" 200 9701 "http://wjtt2.eicp.net/" "Mozilla/4.0 (compatible; MSIE 6.0; Windows NT 5.1; SV1; QQDownload 1.7)"
222.64.225.222 - - [17/Feb/2008:19:32:43 +0800] "GET /_content/main1_1.htm HTTP/1.1" 200 1880 "http://wjtt2.eicp.net/" "Mozilla/4.0 (compatible; MSIE 6.0; Windows NT 5.1; SV1; QQDownload 1.7)"
222.64.225.222 - - [17/Feb/2008:19:32:44 +0800] "GET /images/img01.gif HTTP/1.1" 200 9328 "http://wjtt2.eicp.net/left.htm" "Mozilla/4.0 (compatible; MSIE 6.0; Windows NT 5.1; SV1; QQDownload 1.7)"
222.64.225.222 - - [17/Feb/2008:19:32:44 +0800] "GET /images/img02.gif HTTP/1.1" 200 21218 "http://wjtt2.eicp.net/left.htm" "Mozilla/4.0 (compatible; MSIE 6.0; Windows NT 5.1; SV1; QQDownload 1.7)"
222.64.225.222 - - [17/Feb/2008:19:32:44 +0800] "GET /images/img04.jpg HTTP/1.1" 200 12027 "http://wjtt2.eicp.net/left.htm" "Mozilla/4.0 (compatible; MSIE 6.0; Windows NT 5.1; SV1; QQDownload 1.7)"
222.64.225.222 - - [17/Feb/2008:19:32:45 +0800] "GET /images/img08.jpg HTTP/1.1" 200 1226 "http://wjtt2.eicp.net/left.htm" "Mozilla/4.0 (compatible; MSIE 6.0; Windows NT 5.1; SV1; QQDownload 1.7)"
222.64.225.222 - - [17/Feb/2008:19:32:45 +0800] "GET /images/img05.jpg HTTP/1.1" 200 6722 "http://wjtt2.eicp.net/left.htm" "Mozilla/4.0 (compatible; MSIE 6.0; Windows NT 5.1; SV1; QQDownload 1.7)"
222.64.225.222 - - [17/Feb/2008:19:32:45 +0800] "GET /images/img09.jpg HTTP/1.1" 200 2465 "http://wjtt2.eicp.net/left.htm" "Mozilla/4.0 (compatible; MSIE 6.0; Windows NT 5.1; SV1; QQDownload 1.7)"
222.64.225.222 - - [17/Feb/2008:19:32:45 +0800] "GET /_content/css/style.css HTTP/1.1" 200 637 "http://wjtt2.eicp.net/_content/main1_1.htm" "Mozilla/4.0 (compatible; MSIE 6.0; Windows NT 5.1; SV1; QQDownload 1.7)"
222.64.225.222 - - [17/Feb/2008:19:32:46 +0800] "GET /_content/images/bg.jpg HTTP/1.1" 200 158541 "http://wjtt2.eicp.net/_content/main1_1.htm" "Mozilla/4.0 (compatible; MSIE 6.0; Windows NT 5.1; SV1; QQDownload 1.7)"
222.64.225.222 - - [17/Feb/2008:19:33:11 +0800] "GET /_content/main3_1.htm HTTP/1.1" 200 1148 "http://wjtt2.eicp.net/left.htm" "Mozilla/4.0 (compatible; MSIE 6.0; Windows NT 5.1; SV1; QQDownload 1.7)"
222.64.225.222 - - [17/Feb/2008:19:33:11 +0800] "GET /_content/images/a_bs01.jpg HTTP/1.1" 200 64891 "http://wjtt2.eicp.net/_content/main3_1.htm" "Mozilla/4.0 (compatible; MSIE 6.0; Windows NT 5.1; SV1; QQDownload 1.7)"
222.64.225.222 - - [17/Feb/2008:19:33:12 +0800] "GET /_content/main3_3.htm HTTP/1.1" 200 1418 "http://wjtt2.eicp.net/left.htm" "Mozilla/4.0 (compatible; MSIE 6.0; Windows NT 5.1; SV1; QQDownload 1.7)"
222.64.225.222 - - [17/Feb/2008:19:33:13 +0800] "GET /_content/images/a_bs03.jpg HTTP/1.1" 404 313 "http://wjtt2.eicp.net/_content/main3_3.htm" "Mozilla/4.0 (compatible; MSIE 6.0; Windows NT 5.1; SV1; QQDownload 1.7)"
123.191.108.210 - - [17/Feb/2008:19:47:39 +0800] "GET / HTTP/1.1" 200 759 "http://bbs.99nets.com/read.php?tid=592845" "Mozilla/4.0 (compatible; MSIE 6.0; Windows NT 5.1; SV1; Maxthon; Mozilla/4.0 (compatible; MSIE 6.0; Windows NT 5.1; SV1) ; .NET CLR 2.0.50727; MEGAUPLOAD 2.0; .NET CLR 1.1.4322)"
123.191.108.210 - - [17/Feb/2008:19:47:40 +0800] "GET /css/style.css HTTP/1.1" 200 637 "http://wjtt2.eicp.net/" "Mozilla/4.0 (compatible; MSIE 6.0; Windows NT 5.1; SV1; Maxthon; Mozilla/4.0 (compatible; MSIE 6.0; Windows NT 5.1; SV1) ; .NET CLR 2.0.50727; MEGAUPLOAD 2.0; .NET CLR 1.1.4322)"
123.191.108.210 - - [17/Feb/2008:19:47:40 +0800] "GET /left.htm HTTP/1.1" 200 9701 "http://wjtt2.eicp.net/" "Mozilla/4.0 (compatible; MSIE 6.0; Windows NT 5.1; SV1; Maxthon; Mozilla/4.0 (compatible; MSIE 6.0; Windows NT 5.1; SV1) ; .NET CLR 2.0.50727; MEGAUPLOAD 2.0; .NET CLR 1.1.4322)"
123.191.108.210 - - [17/Feb/2008:19:47:41 +0800] "GET /images/img01.gif HTTP/1.1" 200 9328 "http://wjtt2.eicp.net/left.htm" "Mozilla/4.0 (compatible; MSIE 6.0; Windows NT 5.1; SV1; Maxthon; Mozilla/4.0 (compatible; MSIE 6.0; Windows NT 5.1; SV1) ; .NET CLR 2.0.50727; MEGAUPLOAD 2.0; .NET CLR 1.1.4322)"
123.191.108.210 - - [17/Feb/2008:19:47:41 +0800] "GET /images/img02.gif HTTP/1.1" 200 21218 "http://wjtt2.eicp.net/left.htm" "Mozilla/4.0 (compatible; MSIE 6.0; Windows NT 5.1; SV1; Maxthon; Mozilla/4.0 (compatible; MSIE 6.0; Windows NT 5.1; SV1) ; .NET CLR 2.0.50727; MEGAUPLOAD 2.0; .NET CLR 1.1.4322)"
123.191.108.210 - - [17/Feb/2008:19:47:41 +0800] "GET /images/img05.jpg HTTP/1.1" 200 6722 "http://wjtt2.eicp.net/left.htm" "Mozilla/4.0 (compatible; MSIE 6.0; Windows NT 5.1; SV1; Maxthon; Mozilla/4.0 (compatible; MSIE 6.0; Windows NT 5.1; SV1) ; .NET CLR 2.0.50727; MEGAUPLOAD 2.0; .NET CLR 1.1.4322)"
123.191.108.210 - - [17/Feb/2008:19:47:41 +0800] "GET /images/img09.jpg HTTP/1.1" 200 2465 "http://wjtt2.eicp.net/left.htm" "Mozilla/4.0 (compatible; MSIE 6.0; Windows NT 5.1; SV1; Maxthon; Mozilla/4.0 (compatible; MSIE 6.0; Windows NT 5.1; SV1) ; .NET CLR 2.0.50727; MEGAUPLOAD 2.0; .NET CLR 1.1.4322)"
123.191.108.210 - - [17/Feb/2008:19:47:41 +0800] "GET /images/img04.jpg HTTP/1.1" 200 12027 "http://wjtt2.eicp.net/left.htm" "Mozilla/4.0 (compatible; MSIE 6.0; Windows NT 5.1; SV1; Maxthon; Mozilla/4.0 (compatible; MSIE 6.0; Windows NT 5.1; SV1) ; .NET CLR 2.0.50727; MEGAUPLOAD 2.0; .NET CLR 1.1.4322)"
123.191.108.210 - - [17/Feb/2008:19:47:42 +0800] "GET /images/img08.jpg HTTP/1.1" 200 1226 "http://wjtt2.eicp.net/left.htm" "Mozilla/4.0 (compatible; MSIE 6.0; Windows NT 5.1; SV1; Maxthon; Mozilla/4.0 (compatible; MSIE 6.0; Windows NT 5.1; SV1) ; .NET CLR 2.0.50727; MEGAUPLOAD 2.0; .NET CLR 1.1.4322)"
123.191.108.210 - - [17/Feb/2008:19:47:57 +0800] "GET /_content/css/style.css HTTP/1.1" 200 637 "http://wjtt2.eicp.net/_content/main1_1.htm" "Mozilla/4.0 (compatible; MSIE 6.0; Windows NT 5.1; SV1; Maxthon; Mozilla/4.0 (compatible; MSIE 6.0; Windows NT 5.1; SV1) ; .NET CLR 2.0.50727; MEGAUPLOAD 2.0; .NET CLR 1.1.4322)"
123.191.108.210 - - [17/Feb/2008:19:47:44 +0800] "GET /_content/main1_1.htm HTTP/1.1" 200 1880 "http://wjtt2.eicp.net/" "Mozilla/4.0 (compatible; MSIE 6.0; Windows NT 5.1; SV1; Maxthon; Mozilla/4.0 (compatible; MSIE 6.0; Windows NT 5.1; SV1) ; .NET CLR 2.0.50727; MEGAUPLOAD 2.0; .NET CLR 1.1.4322)"
123.191.108.210 - - [17/Feb/2008:19:47:59 +0800] "GET /_content/images/bg.jpg HTTP/1.1" 200 158541 "http://wjtt2.eicp.net/_content/main1_1.htm" "Mozilla/4.0 (compatible; MSIE 6.0; Windows NT 5.1; SV1; Maxthon; Mozilla/4.0 (compatible; MSIE 6.0; Windows NT 5.1; SV1) ; .NET CLR 2.0.50727; MEGAUPLOAD 2.0; .NET CLR 1.1.4322)"
123.191.108.210 - - [17/Feb/2008:19:48:21 +0800] "GET /favicon.ico HTTP/1.1" 404 298 "-" "Mozilla/4.0 (compatible; MSIE 6.0; Windows NT 5.1; SV1; Maxthon; Mozilla/4.0 (compatible; MSIE 6.0; Windows NT 5.1; SV1) ; .NET CLR 2.0.50727; MEGAUPLOAD 2.0; .NET CLR 1.1.4322)"
222.67.151.5 - - [17/Feb/2008:20:31:59 +0800] "GET / HTTP/1.1" 200 759 "http://bbs.99nets.com/read.php?tid=592845" "Mozilla/5.0 (Windows; U; Windows NT 6.0; zh-CN; rv:1.8.1.12) Gecko/20080201 Firefox/2.0.0.12"
222.67.151.5 - - [17/Feb/2008:20:31:59 +0800] "GET /css/style.css HTTP/1.1" 200 637 "http://wjtt2.eicp.net/" "Mozilla/5.0 (Windows; U; Windows NT 6.0; zh-CN; rv:1.8.1.12) Gecko/20080201 Firefox/2.0.0.12"
222.67.151.5 - - [17/Feb/2008:20:32:00 +0800] "GET /left.htm HTTP/1.1" 200 9701 "http://wjtt2.eicp.net/" "Mozilla/5.0 (Windows; U; Windows NT 6.0; zh-CN; rv:1.8.1.12) Gecko/20080201 Firefox/2.0.0.12"
222.67.151.5 - - [17/Feb/2008:20:32:00 +0800] "GET /_content/main1_1.htm HTTP/1.1" 200 1880 "http://wjtt2.eicp.net/" "Mozilla/5.0 (Windows; U; Windows NT 6.0; zh-CN; rv:1.8.1.12) Gecko/20080201 Firefox/2.0.0.12"
222.67.151.5 - - [17/Feb/2008:20:32:00 +0800] "GET /images/img01.gif HTTP/1.1" 200 9328 "http://wjtt2.eicp.net/left.htm" "Mozilla/5.0 (Windows; U; Windows NT 6.0; zh-CN; rv:1.8.1.12) Gecko/20080201 Firefox/2.0.0.12"
222.67.151.5 - - [17/Feb/2008:20:32:00 +0800] "GET /_content/css/style.css HTTP/1.1" 200 637 "http://wjtt2.eicp.net/_content/main1_1.htm" "Mozilla/5.0 (Windows; U; Windows NT 6.0; zh-CN; rv:1.8.1.12) Gecko/20080201 Firefox/2.0.0.12"
222.67.151.5 - - [17/Feb/2008:20:32:01 +0800] "GET /images/img08.jpg HTTP/1.1" 200 1226 "http://wjtt2.eicp.net/left.htm" "Mozilla/5.0 (Windows; U; Windows NT 6.0; zh-CN; rv:1.8.1.12) Gecko/20080201 Firefox/2.0.0.12"
222.67.151.5 - - [17/Feb/2008:20:32:00 +0800] "GET /images/img02.gif HTTP/1.1" 200 21218 "http://wjtt2.eicp.net/left.htm" "Mozilla/5.0 (Windows; U; Windows NT 6.0; zh-CN; rv:1.8.1.12) Gecko/20080201 Firefox/2.0.0.12"
222.67.151.5 - - [17/Feb/2008:20:32:01 +0800] "GET /images/img09.jpg HTTP/1.1" 200 2465 "http://wjtt2.eicp.net/left.htm" "Mozilla/5.0 (Windows; U; Windows NT 6.0; zh-CN; rv:1.8.1.12) Gecko/20080201 Firefox/2.0.0.12"
222.67.151.5 - - [17/Feb/2008:20:32:01 +0800] "GET /images/img05.jpg HTTP/1.1" 200 6722 "http://wjtt2.eicp.net/left.htm" "Mozilla/5.0 (Windows; U; Windows NT 6.0; zh-CN; rv:1.8.1.12) Gecko/20080201 Firefox/2.0.0.12"
222.67.151.5 - - [17/Feb/2008:20:32:01 +0800] "GET /favicon.ico HTTP/1.1" 404 298 "-" "Mozilla/5.0 (Windows; U; Windows NT 6.0; zh-CN; rv:1.8.1.12) Gecko/20080201 Firefox/2.0.0.12"
222.67.151.5 - - [17/Feb/2008:20:32:01 +0800] "GET /images/img04.jpg HTTP/1.1" 200 12027 "http://wjtt2.eicp.net/left.htm" "Mozilla/5.0 (Windows; U; Windows NT 6.0; zh-CN; rv:1.8.1.12) Gecko/20080201 Firefox/2.0.0.12"
222.67.151.5 - - [17/Feb/2008:20:32:01 +0800] "GET /_content/images/bg.jpg HTTP/1.1" 200 158541 "http://wjtt2.eicp.net/_content/main1_1.htm" "Mozilla/5.0 (Windows; U; Windows NT 6.0; zh-CN; rv:1.8.1.12) Gecko/20080201 Firefox/2.0.0.12"
222.67.151.5 - - [17/Feb/2008:20:32:10 +0800] "GET /favicon.ico HTTP/1.1" 404 298 "-" "Mozilla/5.0 (Windows; U; Windows NT 6.0; zh-CN; rv:1.8.1.12) Gecko/20080201 Firefox/2.0.0.12"
218.64.24.59 - - [17/Feb/2008:20:42:41 +0800] "GET / HTTP/1.1" 200 759 "http://bbs.99nets.com/read.php?tid=592845" "Mozilla/4.0 (compatible; MSIE 6.0; Windows NT 5.1; SV1; .NET CLR 2.0.50727)"
218.64.24.59 - - [17/Feb/2008:20:42:41 +0800] "GET /css/style.css HTTP/1.1" 200 637 "http://wjtt2.eicp.net/" "Mozilla/4.0 (compatible; MSIE 6.0; Windows NT 5.1; SV1; .NET CLR 2.0.50727)"
218.64.24.59 - - [17/Feb/2008:20:42:41 +0800] "GET /left.htm HTTP/1.1" 200 9701 "http://wjtt2.eicp.net/" "Mozilla/4.0 (compatible; MSIE 6.0; Windows NT 5.1; SV1; .NET CLR 2.0.50727)"
218.64.24.59 - - [17/Feb/2008:20:42:41 +0800] "GET /_content/main1_1.htm HTTP/1.1" 200 1880 "http://wjtt2.eicp.net/" "Mozilla/4.0 (compatible; MSIE 6.0; Windows NT 5.1; SV1; .NET CLR 2.0.50727)"
218.64.24.59 - - [17/Feb/2008:20:42:41 +0800] "GET /images/img01.gif HTTP/1.1" 200 9328 "http://wjtt2.eicp.net/left.htm" "Mozilla/4.0 (compatible; MSIE 6.0; Windows NT 5.1; SV1; .NET CLR 2.0.50727)"
218.64.24.59 - - [17/Feb/2008:20:42:41 +0800] "GET /images/img08.jpg HTTP/1.1" 200 1226 "http://wjtt2.eicp.net/left.htm" "Mozilla/4.0 (compatible; MSIE 6.0; Windows NT 5.1; SV1; .NET CLR 2.0.50727)"
218.64.24.59 - - [17/Feb/2008:20:42:41 +0800] "GET /images/img02.gif HTTP/1.1" 200 21218 "http://wjtt2.eicp.net/left.htm" "Mozilla/4.0 (compatible; MSIE 6.0; Windows NT 5.1; SV1; .NET CLR 2.0.50727)"
218.64.24.59 - - [17/Feb/2008:20:42:41 +0800] "GET /images/img09.jpg HTTP/1.1" 200 2465 "http://wjtt2.eicp.net/left.htm" "Mozilla/4.0 (compatible; MSIE 6.0; Windows NT 5.1; SV1; .NET CLR 2.0.50727)"
218.64.24.59 - - [17/Feb/2008:20:42:41 +0800] "GET /_content/css/style.css HTTP/1.1" 200 637 "http://wjtt2.eicp.net/_content/main1_1.htm" "Mozilla/4.0 (compatible; MSIE 6.0; Windows NT 5.1; SV1; .NET CLR 2.0.50727)"
219.147.190.242 - - [17/Feb/2008:21:13:47 +0800] "GET / HTTP/1.1" 200 759 "http://bbs.99nets.com/read.php?tid=592845" "Mozilla/4.0 (compatible; MSIE 6.0; Windows NT 5.1; SV1; cafe8; .NET CLR 2.0.50727)"
219.147.190.242 - - [17/Feb/2008:21:13:48 +0800] "GET /css/style.css HTTP/1.1" 200 637 "http://wjtt2.eicp.net/" "Mozilla/4.0 (compatible; MSIE 6.0; Windows NT 5.1; SV1; cafe8; .NET CLR 2.0.50727)"
219.147.190.242 - - [17/Feb/2008:21:13:48 +0800] "GET /left.htm HTTP/1.1" 200 9701 "http://wjtt2.eicp.net/" "Mozilla/4.0 (compatible; MSIE 6.0; Windows NT 5.1; SV1; cafe8; .NET CLR 2.0.50727)"
219.147.190.242 - - [17/Feb/2008:21:13:48 +0800] "GET /_content/main1_1.htm HTTP/1.1" 200 1880 "http://wjtt2.eicp.net/" "Mozilla/4.0 (compatible; MSIE 6.0; Windows NT 5.1; SV1; cafe8; .NET CLR 2.0.50727)"
219.147.190.242 - - [17/Feb/2008:21:13:48 +0800] "GET /images/img08.jpg HTTP/1.1" 200 1226 "http://wjtt2.eicp.net/left.htm" "Mozilla/4.0 (compatible; MSIE 6.0; Windows NT 5.1; SV1; cafe8; .NET CLR 2.0.50727)"
219.147.190.242 - - [17/Feb/2008:21:13:48 +0800] "GET /_content/css/style.css HTTP/1.1" 200 637 "http://wjtt2.eicp.net/_content/main1_1.htm" "Mozilla/4.0 (compatible; MSIE 6.0; Windows NT 5.1; SV1; cafe8; .NET CLR 2.0.50727)"
219.147.190.242 - - [17/Feb/2008:21:13:48 +0800] "GET /images/img09.jpg HTTP/1.1" 200 2465 "http://wjtt2.eicp.net/left.htm" "Mozilla/4.0 (compatible; MSIE 6.0; Windows NT 5.1; SV1; cafe8; .NET CLR 2.0.50727)"
219.147.190.242 - - [17/Feb/2008:21:13:48 +0800] "GET /images/img04.jpg HTTP/1.1" 200 12027 "http://wjtt2.eicp.net/left.htm" "Mozilla/4.0 (compatible; MSIE 6.0; Windows NT 5.1; SV1; cafe8; .NET CLR 2.0.50727)"
219.147.190.242 - - [17/Feb/2008:21:13:48 +0800] "GET /images/img01.gif HTTP/1.1" 200 9328 "http://wjtt2.eicp.net/left.htm" "Mozilla/4.0 (compatible; MSIE 6.0; Windows NT 5.1; SV1; cafe8; .NET CLR 2.0.50727)"
219.147.190.242 - - [17/Feb/2008:21:13:48 +0800] "GET /images/img05.jpg HTTP/1.1" 200 6722 "http://wjtt2.eicp.net/left.htm" "Mozilla/4.0 (compatible; MSIE 6.0; Windows NT 5.1; SV1; cafe8; .NET CLR 2.0.50727)"
219.147.190.242 - - [17/Feb/2008:21:13:48 +0800] "GET /images/img02.gif HTTP/1.1" 200 21218 "http://wjtt2.eicp.net/left.htm" "Mozilla/4.0 (compatible; MSIE 6.0; Windows NT 5.1; SV1; cafe8; .NET CLR 2.0.50727)"
219.147.190.242 - - [17/Feb/2008:21:13:48 +0800] "GET /_content/images/bg.jpg HTTP/1.1" 200 158541 "http://wjtt2.eicp.net/_content/main1_1.htm" "Mozilla/4.0 (compatible; MSIE 6.0; Windows NT 5.1; SV1; cafe8; .NET CLR 2.0.50727)"
219.147.190.242 - - [17/Feb/2008:21:13:56 +0800] "GET /_content/main9_2.htm HTTP/1.1" 200 2163 "http://wjtt2.eicp.net/left.htm" "Mozilla/4.0 (compatible; MSIE 6.0; Windows NT 5.1; SV1; cafe8; .NET CLR 2.0.50727)"
219.147.190.242 - - [17/Feb/2008:21:13:56 +0800] "GET /_content/images/main9_2_clip_image001.jpg HTTP/1.1" 200 76771 "http://wjtt2.eicp.net/_content/main9_2.htm" "Mozilla/4.0 (compatible; MSIE 6.0; Windows NT 5.1; SV1; cafe8; .NET CLR 2.0.50727)"
117.11.91.87 - - [17/Feb/2008:21:17:10 +0800] "GET / HTTP/1.1" 200 759 "http://bbs.99nets.com/read.php?tid=592845" "Mozilla/4.0 (compatible; MSIE 7.0; Windows NT 5.1; .NET CLR 2.0.50727; .NET CLR 3.0.04506.30; .NET CLR 3.0.04506.648)"
117.11.91.87 - - [17/Feb/2008:21:17:10 +0800] "GET /css/style.css HTTP/1.1" 200 637 "http://wjtt2.eicp.net/" "Mozilla/4.0 (compatible; MSIE 7.0; Windows NT 5.1; .NET CLR 2.0.50727; .NET CLR 3.0.04506.30; .NET CLR 3.0.04506.648)"
117.11.91.87 - - [17/Feb/2008:21:17:11 +0800] "GET /left.htm HTTP/1.1" 200 9701 "http://wjtt2.eicp.net/" "Mozilla/4.0 (compatible; MSIE 7.0; Windows NT 5.1; .NET CLR 2.0.50727; .NET CLR 3.0.04506.30; .NET CLR 3.0.04506.648)"
117.11.91.87 - - [17/Feb/2008:21:17:11 +0800] "GET /_content/main1_1.htm HTTP/1.1" 200 1880 "http://wjtt2.eicp.net/" "Mozilla/4.0 (compatible; MSIE 7.0; Windows NT 5.1; .NET CLR 2.0.50727; .NET CLR 3.0.04506.30; .NET CLR 3.0.04506.648)"
117.11.91.87 - - [17/Feb/2008:21:17:12 +0800] "GET /images/img01.gif HTTP/1.1" 200 9328 "http://wjtt2.eicp.net/left.htm" "Mozilla/4.0 (compatible; MSIE 7.0; Windows NT 5.1; .NET CLR 2.0.50727; .NET CLR 3.0.04506.30; .NET CLR 3.0.04506.648)"
